$ 201 , 201
.********************************************************************************************************************************************************************************************************
......*.....*...........*.........*...*.........*.*...........*.........*...............*...........*.........*.........*.........*...*...........*...*...........................*...........*.......*.*
*****.***.***.***.*****.*******.*.*.***.***.***.*.*.*.*******.*.*****.*.*******.*.*****.*.*****.*.***.*.*****.*.*******.*******.*.*.*.***.*.*****.*.*.*.*****.*******************.*.*******.*.*.*****.*.*
*...*...*.......*.*.............*.*.....*.*.*...*...*.*...*...*.*.....*.......*.*.*...*.*.*.....*.*...*...*.*...*...*...*.....*.*...*...*.*.....*.*.*.......*.*.......*.......*...*...*.....*.*...*.*.*.*
*.*.***.*.*******.*.*************.*****.*.*.*.*****.*.*.*.*****.*.***********.***.*.*.*.***.*****.*.*****.*.***.*.*.*.***.***.*.*******.*******.*.***.*******.*.*******.***.***.***.***.*****.***.*.*.*.*
*.*.*.*.*...*.....*.*.......*...*.....*...*.*.....*.*...*.......*.*.........*.....*.*.*.....*.*...*.*...*.*...*.*.*.*.....*...*.*.....*.*.......*...*.*.....*.*.*...*...*.*.....*...*...*.........*.....*
*.*.*.*.***.*.*******.*****.*.*.*****.*****.*****.*.*******.*****.*.***************.*.*******.*.***.***.*.*.*.*.*.*.*******.***.***.***.*.*********.***.***.*.*.*.*.*.***.*********.*.***.***************
*.*...*.*...*.....*...*.....*.*.....*.....*.*.*...*.*.....*...*...*.*.....*.......*.*.*.....*...*.*...*.*.*.*...*.*.*.......*.....*.......*...*...*.....*.*...*.*.*.*.*...........*.*.*.*.*...*.........*
*.***.*.***.*****.*.***.*****.***.*******.*.*.*.***.*.***.*****.***.*.***.*.***.***.*.*.***.*.***.***.*.*.*.*****.*.*.*******.***.*****.***.*.*.*********.*****.*.*.*.*.*********.***.*.*.*.***.*******.*
*.*...*...*.*...*.*...*.*...*...*.......*.*.*.*.*...*.*.........*.......*...*...*...*.*...*.*.....*...*.*.*.*.....*.*.*.....*.*...*...*.*...*.*.........*...*...*.*...*...*.....*.*...*.*...*.........*.*
*.*.*****.*.*.*.*.***.*.*.*.***.***.*****.*.*.*.*.***.***********************.***.***.***.*.*****.*.***.*.*.*.*****.*.*.***.*.*.***.*.*.*.***.*.*******.*.*.*.*.*.*****.*.*.*****.*.***.***.*.*********.*
*.*.*.*...*.*.*...*...*.*.*.*...*.*.*.....*.*.*.*...*.*.................*...*.....*.*.....*.......*.....*.*.*...*...*...*...*.*.....*.*.*.*.*.*.*...*...*.*...*...*...*.*.*.....*.*...*.....*...*.......*
*.*.*.*.***.*.*****.***.***.*.***.*.*.*****.*.*.***.*.*.***************.*.*.*****.*.*********.*****.*****.***.***.*******.***.*******.***.*.*.*.*.*.*.***.*********.***.*.*****.*.***.*********.*.*****.*
*.*.*.*.*.*.*.*.......*...*.....*.*...*.....*...*.*.*.*...*...........*.*.*.....*...*.......*.*.*...*...*.*...*...*.....*.*.*...*.*...*...*.*.*.*.*.*...*.....*...*.....*.....*.*...*.*...*.....*...*...*
*.*.*.*.*.*.*.*.*********.*****.*.*********.*.***.*.*.***.*.*********.*.*.*****.*****.*****.*.*.*.***.*.*.*.***.***.*.***.*.***.*.*.***.***.*.***.*.***.*****.*.*.***********.*.***.*.*.*.*.*******.*.***
*.*.*.*.*...*.*...*.*...*...*.*.*...........*...*.*.*...*.*.*.......*.*...*...*.......*.*...*...*.*.*.*.*.*.*...*...*...*.*...*...*.....*...*.....*...*.....*...*.............*...*.*.*.*.*.*.*.....*.*.*
*.*.*.*.***.*.***.*.*.*.***.*.*.*.*************.*.*.***.*.*.*.*****.*********.*********.*.*******.*.*.*.*.*.*.*********.*.*.*****.*******.*.*********.*.*.*********************.***.*.*.*.*.*.*.*****.*.*
*.*...*...*.*.......*.*.....*.*.*.*.....*.......*.*.*.*...*...*...*.*...................*...........*.*.*...*.........*.*.*.....*.*.......*...*.*...*.*.*...........*.........*.....*...*...*.*...*.*...*
*.***.***.***.*******.*******.*.*.*.*****.*******.*.*.*****.***.*.*.*.*****.*.*************.*********.*.*******.*****.*.*.*.*.***.*********.*.*.*.*.*.*.*********.***.***.*****.***********.*.***.*.***.*
*...*...*...*...*.....*.......*...*...*...*.....*.*.*.*...*.*...*.*...*.....*.*.......*...*.*.*...*...*.......*.*...*.*...*.*.....*.........*.*.*.*.*.*.........*.....*.*...*...*...*.....*...*...*.....*
***.***.***.***.*.***********.*****.*.*.***.***.*.*.*.*.*.*.***.*******.*****.*.*****.*.*.*.*.*.*.*.*********.*.***.*.*.*********.*.*********.*.*.*.*.*********.*******.***.*.***.*.*.***.***.*.***.*****
*...*...*...*...*.....*.....*...*...*...*.*...*.*.*.*...*.......*...*...*...*.*.*...*...*.*.*.*.*...*.......*.*...*.*.*.........*.*.*.........*...*.*.....*...*.....*.....*...*...*...*.*.*...*...*...*.*
*.***.***.***********.*.***.*.*.*.*******.*.*.*.*.*.*******.*****.*.*.*.*.*.*.*.*.*******.*.*.*.*******.*.***.***.*.*.*********.*.*.*.*************.*****.*.*.*****.*.***.*****.*******.*.*.*****.***.*.*
*.*.*...*.......*...*...*...*.*...*.....*...*.*.*.*.......*.*.....*.*.*.*.*.*.*.*...*.....*...*.*.....*.*...*.*.....*.*.......*.*...*.....*.....*.....*...*.*.....*...*.*.*.....*.......*.*.*.....*...*.*
*.*.***.*******.*.*.***.*.*******.*.***.*****.*.*.*******.***.*****.*.*.*.*.***.***.*.*********.*.***.*****.*.*.*****.*.*.***.*.*********.***.*.*.*****.*******.*******.*.*.*.***.*****.*.*.*.*****.***.*
*.*.........*...*.*...*.*.......*...*.*.*.....*.*.*.....*.....*.*.....*.*.*.*...*...*.*.......*...*.*.....*.*.*.*.*...*.*...*.*.*.......*...*.*.*.....*...*...*...*.......*.*.*.*...*...*.*.*.*...*.....*
*.*********.*.***.***.*********.*****.*.*.*****.*.*.***.*******.*.*******.*.*.***.***.*.***.*.***.*.*****.*.*.*.*.*.***.***.***.***.*******.*.*.*****.***.*.*.***.*.*********.*.***.*.***.*.*.*.*.*****.*
*...*...*...*...*.*.....*.....*.*.....*.*.*.*...*.....*...........*.....*.*.*.*.....*.*.*...*...*.*.....*.*...*.*.*...*.*.*.....*...*.....*...*.........*...*...*.*.*.........*.....*.*...*.*.*.*.......*
*.*.*.*.*******.*.*****.*.***.*.*****.*.*.*.*.***************.*****.***.*.*.*.*.***.*.*.*.*****.*.***.***.*.***.*.***.*.*.*******.***.*.***.*********.*********.*.*.***.*******.*****.*.*****.*.*********
*.*.*.*.......*.*...*...*...*.*.....*.*.*.*...*.............*.....*.*...*.*.*.*.*...*.*.*.*.....*...*.*...*.*.....*...*.....*.........*.....*...*.....*.........*.*.*...*.....*.*...*.*...*...*.*.....*.*
*.*.*.*******.*.*.*.*.*****.*.***.*.*.*.*.***.*.*.*********.*******.*.***.*.*.*.*.*.*.*.*.***.*****.*.*.***.*******.*******.***********.*****.*.*.*****.*********.*.*.***.*.*.*.*.***.***.*.***.*.***.*.*
*.*.*.....*.*...*.*.*.....*.*...*.*.*...*...*...*.*.......*.........*.*...*.*.*.*.*.*.*.*...*.*.....*.*.*.*.........*.....*...........*.*...*.*.*.....*.*.........*.*.*.*.*.*.*.*.*.....*...*.*.*...*.*.*
*.*.*****.*.*******.*****.*.***.***.*.***.*.*******.*****.***********.*.***.*.*.*.*.*.*.***.*.*****.*.*.*.***********.*.*.***********.*.*.*.*.*.*****.*.***.*******.*.*.*.*.***.*.*.***.*****.*.***.*.*.*
*.*...*...*.........*...*.*.*...*...*...*.*.*.....*.*...*...........*...*.*.*.*.*.*.*.*.*...*.....*...*.*.*.......*.*.*.*...*.........*.*.*...*.*...*.*...*...*.....*.*.*.*...*...*.*...*.....*.....*...*
*.***.*.*********.***.*.*.*.*.***.*****.***.*.***.*.*.*.***********.*****.*.*.*.*.*.*.*.*.*******.*.***.*.*.***.*.*.*.*.*.***.*********.*.*****.*.*.*.***.*.*.*.*****.*.*.***.***.*.*.*****.*.*********.*
*.*.*...*.........*...*...*.*.....*...*...*...*.*.*.*.*.*.........*...*...*.*.*.*.*.*.*.*.*.....*.*.*...*.*...*.*.*...*.*.*...*.......*.*.....*.*.*.....*.*.*.*.......*...*.*.....*.*.*...*.*.........*.*
*.*.*******.*******.*******.*********.***.*.***.*.*.*.*.*.*.*****.***.*.*.*.*.***.***.***.*****.*.*.*.***.*.***.*.*****.*.*.***.*****.*****.*.*.***.*****.***.*********.***.*******.*.*.*.***.*********.*
*...*.......*.....*.......*.....*.....*...*.*...*...*.*...*.....*...*.*.*...*...*.....*...*...*.*.*.*...*...*...*.......*.*...*...*...*...*.*.*...*.*.....*.....*.............*...*.*...*.....*...*.....*
***.*.*.*****.***.*******.*****.*.*****.***.*.*******.*******.*.***.*.***.*****.*.*****.***.*.*.*.*****.*.***.*****.*********.***.*.***.*.***.***.***.*****.*.***.***********.*.*.*.***********.*.*.*****
*.*.*.*...*.....*.......*...*...*.*.....*...*.........*.*...*.*...*.*...*.*.....*.*.....*...*...*.....*.*.*...*.....*.......*...*.*.....*.....*.....*.*.....*.*.....*...*...*...*.*.............*.*...*.*
*.*.*.***.*.***.*******.***.*.***.*.*******.***.*****.*.*.*.*****.*****.*.***.***.*.*****.***********.*.*.*.*********.*****.***.*.*****.***********.*.***.*****.*****.*.***.*****.***************.***.*.*
*...*...*.*...*.......*...*...*.....*.....*...*.*...*...*.*...*...*...*.*.....*.....*...*...........*...*.*.............*.....*.*.*.*...*.......*...*...*...*...*.....*...*...*...*.........*...*...*.*.*
*.***.***.***********.***.*****.*****.***.***.*.*.*.***.*.***.*.***.*.*.*******.*****.*.*.*********.*****.***************.*****.*.*.*.***.*****.*.*****.***.*.***.*******.*.***.***.*****.*.*.*.*.***.*.*
*...*.*...*...*.......*.*.....*.*.....*.*.*...*.*.*.*.*.*.*.....*...*.*...*.....*...*.*.*.*.....*.*.*.........*.....*.....*.....*.*...*...*...*.*.*...*...*.....*...*.....*...*...*...*...*.*.*.*.....*.*
***.*.*.***.*.*.*******.*.*****.*.*****.*.*.*****.*.*.*.*.*******.***.*.*.*******.*.***.*.*.***.*.*.*.*********.***.*.***.*.*****.*****.*****.*.*.*.*.*.*.*********.*.*****.*.***.***.*.***.***.*******.*
*...*.*.*...*.*.*.....*...*.....*.*.....*.*.......*.*...*.*...*...*...*.*.........*...*.*...*.*.*.*.*.....*.....*...*.*.*.*.*...*.............*.*.*.*.*.*.*.....*...*.*.*...*...*...*.*...*...*.........*
*.***.*.*.*.*.*.*.*****.***.*****.*.*****.*********.*****.*.*.*.***.*********.*******.*.*****.*.*.*.***.***.*****.***.*.*.*.*.*.*.***********.*.*.*.*.*.*.*.***.*.***.*.*.***.*.***.*****.***.*.*********
*.*...*.*.*.*...*.......*...*.....*...*...*...*...*.....*...*.*...*.*.......*.......*.*.*...*.....*.....*...*...*.*...*.*.*...*.*.*.....*.....*.*...*.*.*.*...*...*...*.*.*...*.*...*.....*.*.*...*.....*
*.*.***.*.*.*********.***.***.*******.*.***.*.*.*.*****.*.***.***.*.*.*****.***.*****.*.*.*.*.*******.***.***.***.*.***.*.*****.***.***.*.*****.*****.***.***.*****.***.*.*.***.*.***.*****.*.***.*.***.*
*.*...*.*.*.........*...*.....*.......*...*.*...*.....*.*.*...*...*...*.......*.*.....*...*.*.*.....*...*.*...*...*.*.....*...*.*...*.*.*.*.....*...........*...*...*.....*.*...*.*...*.......*...*.*...*
*.*****.*.*********.***.*******.***.*.***.*********.*.*.***.*.*.*************.*.*.*****.***.*.*.***.*****.*.*.*.***.*****.*.*.*.*.***.*.*.*.*****.*********.***.*.*********.*****.*.*********.*.***.*.*.*
*...*...*...*.......*.........*...*.*...*.........*.*.*.*...*.*.....*.......*.*.*.*...*.*.*.*.*...*.....*.*.*.*...*.*...*.*.*.*...*.*...*.*...*.....*.....*.*...*.*...*.....*.....*.....*...*.*.....*.*.*
***.*.*****.*.***************.*.***.***.*********.*.*.*.*.***.*****.*.*****.*.***.*.*.*.*.*.*.***.*****.*.*.*.***.*.*.*.*.*.*******.*.***.***.*.*****.***.***.***.*.*.*.*****.*******.*.*.*.*.*******.***
*.*.*.*.....*.....*.......*...*.*...*.*...*.....*.*.*...*.*.*.*...*...*...*.*...*.*.*...*.*.....*.*.....*.*.*...*.*.*.*.*...*.........*.....*.*.*...*...*.....*.*...*.*.......*.....*.*...*.*.......*...*
*.*.*.*.*********.*.*****.*.*****.***.***.*.*****.*.*****.*.*.*.*.*****.***.***.*.*****.*.*******.*.*****.*.*.***.*.*.*.***.*.*************.*.***.*.*.*******.*.*****.*.*********.*.*****.*.*.*****.***.*
*.*.*.*.......*.*...*...*.*.......*.........*.....*...*...*.*...*.*...*...*.*.....*...*.......*...*.*.....*.*.*.....*.*...*.*.....*.......*.*.....*...*.....*.....*...*.*.........*.....*.*.*.*...*...*.*
*.*.*.*******.*.*****.***.***********.*******.*******.*.***.*****.*.***.*.*.*****.*.*.*********.***.*.*****.***.*****.***.*******.***.***.***.*********.***.*.*****.***.*.*************.***.***.*.***.*.*
*...*.......*...*...*...*.......*...*.*...*...*.........*.........*.....*.*...*...*.*.....*...*.*...*.*...*.....*.*...*.*.......*...*.*.*...*.....*...*.*...*.*...*.*...*.*...*.*.....*...*...*.*...*...*
*.***.*****.***.*.***.*.*******.*.*.*.*.***.***.*************.***********.***.*****.*****.*.*.*.*.***.*.*.***.***.*.***.*****.*****.*.*.***.*******.*.*.*.*****.*.*.*.***.*.*.*.*.***.***.***.*.***.***.*
*...*.*.*...*.*.*.....*.....*...*.*.*...*...*.......*.......*.....*.......*.*.*.....*...*...*...*.*.*...*...*...*.*.....*.*...*...*...*...*.........*.*.*...*...*...*.....*.*.*.*...*.......*.*.*...*...*
***.*.*.*.***.*.*****.*.*****.*.*.*.***.*.***********.*****.*****.*.*****.*.*.*.*****.*.*********.*.*.*****.***.*.*****.*.*.***.*.*****.*************.*.***.*.*****.*******.*.*.***.*******.*.*.*.***.***
*.*.*...*...*.*.*...*.*.*.....*.*.*.*...*.*...........*.....*...*...*.......*.....*...*.*.........*.*...*...*.........*...*.....*...*...........*...*...*.*.*.*.....*.......*.*.*.....*...*.*...*.*.....*
*.*.*******.*.*.*.*.***.*.*******.*.*.***.*.*.*.*******.*****.*****.*******.*****.*.***.*.*********.***.*.***********.***.*******.***.*********.*.*.*****.*.*.*.*****.*******.*.*.*****.*.*.***.*.*****.*
*.*...*...*.*...*.*.....*.........*.*.*...*.*.*.*...*.*...*.*.....*.*.....*.*...*.*.*...*.*.......*.....*.....*...*.....*.*.....*.....*.......*...*.....*...*.*.....*.....*...*...*.....*.*...*.*.....*.*
*.***.*.*.*.*.***.*****.***********.***.*****.***.*.*.***.*.*.***.*.*.***.***.*.*.*.***.*.*****.*.***********.*.***.*****.*.***.*******.*****.*********.*.***.*****.*****.*.*******.*****.***.*******.*.*
*...*.*.*...*...*...*.*...*.......*...*.....*.....*.*...*.*...*.*...*...*.....*.*.*...*...*.....*...*.........*.......*...*.*.*.*.....*.*.*.....*.....*...*.*.....*.....*.*...*.........*...*...*.....*.*
***.*.*.*******.***.*.***.*.*****.*.*.*****.*****.*.*.***.*.***.*******.*******.*****.*****.*******.*.***.*************.***.*.*.***.***.*.*.***.***.*.*****.*.***.*******.***.*.***********.***.*.*****.*
*...*.*.*.*...*...*.*...*.*.*...*.*.*.....*.....*.*.*.....*.......*...*.*.....*...*...*.....*.........*.*.*.....*.......*...*.*.*...*...*.*.*.....*.*.........*.*.....*...*.*...*...........*.*.*.*.....*
*.***.*.*.*.*.***.*.*.*.*.*.*.***.*.***.*******.***.*****.*********.*.*.*.*.*.***.*.***.*.*************.*.*.***.*.*******.*.*.*.*.*.*.***.*.*****.*.*********.*.*****.*.***.*****.*.*********.*.*.***.***
*...*...*...*.....*.*.*...*.*...*.*...*.......*...*.....*.....*...*.*...*.*.*.*...*...*.*...*.....*...*...*...*...*.....*.*.*.*.*.*.*...*.*.....*.*.....*...*.......*.......*...*.*.*.......*...*...*.*.*
***.*****.*********.*******.*.*.*.*****.***.*.***.*****.*****.*.*.*.*******.*.*.***.*.*****.*.***.*.*.*******.*****.***.*.*.*.*.*.*****.*.*****.*.*******.*.*****************.*.*.***.*****.*.***.*.*.*.*
*...*.............*...*.....*.*...*...*.*...*...*.......*...*.*.*...*.....*.*.*.*...*...*...*...*...*.*...*...*.....*...*.*.*...*.....*.*...*...*.........*...................*.*.....*.*...*.*...*.*.*.*
*.***.***********.***.*.*.*****.***.*.***.*****.*********.***.*.*****.***.*.*.*.*.*****.*.*.***.*****.*.*.*.***.*****.***.*.***.***.*.*.***.*.*********************************.*****.*.*.***.*****.*.*.*
*.....*.........*.....*.*.*...*.....*...*.*.............*...*.*.*.....*...*.*.*.*.*...*.*.*...*.....*...*...*...*...*...*.*...*...*.*...*...*...*.....*...*.................*...*...*...*.*.......*.*...*
*.*****.*.*****.*******.***.*.*********.*.*.***********.***.*.*.*.*****.***.*.*.***.*.*.*.*********.*********.*.*.*.***.*.***.***.***.***.*.***.***.*.*.*.*****.*******.*****.***.*.***.*.*******.*.***.*
*.....*.*.*...*.........*...*.*.....*...*.*.*...*.......*...*...*.....*...*.*.*...*.*...*.*.......*...*.......*.*.*.....*.*...*.*...*.*...*.*...*...*...*.....*...*...*.*...*.*...*...*.*.......*...*...*
*****.*.***.*.*********.*.***.*.***.***.*.*.*.*.*******.*.*******.***.***.*.*.***.*.*****.*.*.***.***.*********.*.*********.***.***.*.*.*.*.*.***.***********.***.*.***.*.*.*.*.*****.*********.*****.***
*...*.*.....*.*.......*.*...*.*.*.*...*.*.*.*.*.*.....*.*.....*.....*...*...*...*.*.*.......*.*.*...*...*.......*.*.......*...*.....*.*.*.*.*.*.*...*.....*.....*.*.....*.*...*.*.........*...*.*...*...*
*.***.*******.*.*****.*.***.*.*.*.***.*.*.***.*.*.***.*.***.***.*******.*******.*.*.*.*******.*.***.***.*.*******.*.***.*.***.*.*****.***.***.*.*.*.*.***.*****.*.*******.*****.*********.*.*.*.***.***.*
*...*.*...*.*.....*...*...*.*...*.*...*...*...*.....*.*...*...*.*.*...*.....*...*...*.*.....*.*.......*.*.*...*...*...*.*...*.*.....*.....*...*...*...*.*.*...*...*...*...*...*...*.....*.*.*...*...*...*
*.*.*.*.*.*.*******.*****.*.*****.*.*******.*********.***.***.*.*.*.*.*****.*.*******.*.*.***.*.*****.*.*.***.*.*******.***.*.*****.*******.*******.***.*.*.*.*****.*.*.***.*.*.*.*.***.*.*.*****.***.***
*.*.*...*...*.......*.....*.*.....*.........*...*.....*.*...*.*.*.*.*.......*...*...*.*.*...*.*.*...*.*...*...*...*.....*...*.*...*...*...*.*.....*.....*...*.*.....*...*...*.*.*.*.*.*.*...*.....*...*.*
***.*******.*.*********.***.*.***************.*.*.*****.***.*.*.*.*.***********.***.*.*.***.*.***.*.*******.*****.*.*****.***.*.*.***.*.*.*.*.***.***.*******.*.***********.*.*.*.*.*.*.*****.*.*.*.***.*
*...*.*.....*...*.....*...*.*.................*.*.*.........*.*.*.*.....*...........*.*...*.*...*.*...*.........*...*.....*...*.*.....*.*.*...*.*...*.*.....*.*.*.*...*.....*.*.*.*...*.*...*.*.*.*...*.*
*.*.*.*.*******.*.***.***.*.*****.*****.*********.*.*********.*.*.*****.*************.***.*.***.*.***.*.*******.*****.*****.***.*******.*.*.***.***.***.***.*.*.*.*.*.*.*.***.***.*.***.*.***.*.*****.*.*
*.*...*.....*.*.*...*...*.*.....*...*...*.........*.*.........*...*...*.....*.........*.*.*...*.....*.*.....*.....*...*.....*.*.*.....*.*.*.......*.*...*.....*.*...*...*.*...*...*.*...*.....*...*...*.*
*.***.*****.*.*.***.***.*.*****.*****.*.*.*********.*.***.*******.*.*.*****.*.*********.*.*.*.*******.*****.*.*****.***.*****.*.*.***.*.*.*.*****.*.*.*.*******.***.*****.*.***.***.*.***********.*.***.*
*...*.....*...*...*...*.*.....*.......*.*...*.....*...*...*.....*...*.*...*...*.......*...*.*.....*...*...*.*.....*.*...*.....*...*.*.*.*.*.*...*.*.*.*.*.....*...*...*...*...*.....*.....*.......*...*.*
*.*.*********.***.***.*.*************.*****.*.***.*.*******.*.*.*****.*.*******.*****.*****.*****.*.***.*.*.*****.*.*.***.*********.*.*.*.***.*.***.*.***.***.***.*.***.*****.*.*********.*.*********.*.*
*.*.............*.....*...*.....*...*.*...*.*...*.*.*.......*.*.*.*...*.........*...*.......*.....*.....*...*...*.*.*.*.*...........*.*.*...*.*.....*.*...*.*.....*.*...*.*...*.........*.*.........*...*
*.*****************.*****.*.*.*.*.***.*.*.*.*.*.***.*.*******.*.*.*.*********.***.***********.***************.***.*.*.*.*.***.*****.*.*.***.*.*******.*.***.*********.***.*.***********.*.*.*****.*.***.*
*.......*.....*...*.....*...*.*.*.*...*.*...*.*.....*.*.....*.*...*...........*.*...........*.*.........*.....*...*...*...*...*.....*...*.*.*...*.*.....*.............*.*...*.........*.*.*.....*.*...*.*
*.*******.***.*.*.***********.*.*.*.***.*****.*******.*.*****.*****************.*.*.*********.***.*****.*.***.*.*******.***.*.*****.*****.*.***.*.*.*****.***.*********.*.***.*.*****.***.*******.*.***.*
*.*...*...*.....*.*...........*.*.*...*...*.*.*.....*.*.....*...*.....*...........*...........*...*...*.*...*.*.*.......*...*.*...*.*.*...*...*.*.*.*...*.*...*.........*.*...*.*...*.....*.......*.*...*
*.*.*.*.*********.*.***********.*.***.***.*.*.*****.*.*****.***.*.*.***.***********************.***.***.***.*.*.*.*******.*****.*.*.*.*.*.***.*.*.*.*.***.*.***.*****.*.*.*.***.*.*********.*******.*.***
*.*.*.*.*...*...*.*.*.*.....*...*.*...*...*.........*.....*...*...*.....*.....*.*.........*.....*.......*...*.*...*...*.*.......*.*...*.*...*...*...*.....*...*.*.....*.*.*.*...*.....*.....*.......*...*
*.*.*.*.*.*.***.*.*.*.*.***.*.***.*.***.*.*********.*****.***.***********.***.*.*.*******.*.***.*.*******.***.*****.*.*.*********.*****.*.*******.***.*******.*.*.*****.*.*.*.*******.*.***.***.*******.*
*.*.*...*.*...*.*...*.*.*.*.*.....*.*.*.*.*...*.*...*...*...*.......*.*.....*...*...*...*...*...*...*.......*.......*...*.......*...*...*.......*...*.*...*...*.*...*...*.*.*...*.....*.*.*...*.....*...*
***.*.***.***.*.*****.*.*.*.*.*****.*.*.***.*.*.*.*****.***.*****.*.*.*.***.*.*****.***.*****.*.*****.*************.***.*****.*****.*.*******.*****.***.*.*.***.***.*****.***.*.*.*****.*.***.*****.*.***
*...*.*.....*.*.........*.*...*.....*.*...*.*.*.......*...*.....*.*...*.*.*.*.*...*.....*.*...*.*...*...*.*.......*.*...*...*.....*...*.....*...*...*...*...*...*...*...*...*.*.*.....*.*...*.*.....*.*.*
*.*****.*****.*.*********.*****.*****.***.*.*.*******.*.*.*****.*.*.***.*.*.***.*.*****.*.*.*****.*.***.*.*.*****.*.*.***.*.***.*****.*.***.***.*.***.*******.***.***.*.***.*.*.*.***.*.*.***.*.*****.*.*
*.*.....*.....*...............*.*.*.....*...*.......*...*...*.*.*.*.*...*.*.....*...*.....*.......*...*.*.*.*...*...*.*...*.....*...*.*.*...*...*.....*.....*...*.....*...*.*.*.*.*.*.*...*...*.....*.*.*
*.*.*****.*****.***************.*.*.*.*.***********.*******.*.*.*.***.***.*******.*.*.*******.*****.***.*.*.*.*.*****.***.*****.*.*.*.*.*****.*********.***.***.*******.***.***.*.*.*.***.*.*.*******.*.*
*...*.....*...*.*...............*.*.*.*.*.......*.*...*.*...*.*.*.*...*...*.....*.*.*...*...*.....*...*...*.*.*.....*.....*.....*.*.*...*.....*.........*.*.*...*.....*...*.....*.*.*.....*.*.*.......*.*
*.***.*****.*.***.***************.*.*.***.***.*.*.***.*.*.***.*.*.*.*****.*.***.*.*****.*.*.*****.***.*.***.*.*.***********.*****.*.***.*.*****.*****.***.*.*.*******.***.*******.*.*******.*.*.*******.*
*...*...*...*.....*.....*...*.....*.*.....*...*.*...*.*.......*.*.........*...*...*.....*.*...*.....*...*...*.*.*.........*.*...*.*...*.*.*.....*.....*.....*.*.....*...*.....*...*...*.....*.*.*.......*
*******.*.*********.***.*.*.***.*.*.*******.***.*.*.*.*.*******.*****.*****.*.*****.*****.***.***********.*****.*.*****.*.*.*.*.*.***.***.*.*****.*****.*****.*.***.*.*****.***.*****.*.*.*****.*.*****.*
*.......*...*.......*.*.*.*.*...*.*...*...*.*.....*.*.*.*.....*.....*.*...*.*.*.....*...*.*.....*.....*...*...*.*.*.*...*.*.*.*.*.*.......*...*...*.......*...*...*.*.*...*...*.*...*.*.*.*...*...*.*...*
*.***.*****.*.*******.*.*.*.*.*****.***.*.*.*.*******.***.***.*****.*.*.*.*.*.*.*****.*.*.*****.*.***.*.***.*.*.*.*.*.*****.*.*.*.***********.*.*****.*****.*****.*.*.*.*.***.*.*.*.*.*.*.*.*.*****.*.***
*...*.*...*.*.*.......*...*.*...*...*...*.*.*.*.....*...*.*.....*...*.*.*.*.*.*...*...*.*...*.*.*.*.*...*...*...*.*.*.......*.*.*...*.......*.*.....*...*...*.....*.*...*...*.....*...*.*.*.*.......*.*.*
*.*.***.*.*.*.*.*****.*****.*.*.*.***.***.*.***.***.***.*.*.***.*.*****.*.*.*.***.*.***.***.*.*.*.*.*****.*****.*.*.*********.*.***.*.*****.*.*****.***.*.***.*****.***.*.*************.*.*.*****.***.*.*
*.*.....*.*...*.....*...*...*.*.....*.*...*.......*...*.*.*...*.*.*.....*.*.*.....*...*...*.*.*...*.......*.....*.......*...*.*...*...*...*...*.....*.*.*...*...*.....*.*.....*.*...*...*.*.*...*...*...*
*.*******.*******.***.*.*.*********.*.***.*********.*.*.*.***.***.*.*.***.*****.***.***.***.*.*****.***.*******.*******.*.*.*.***.*******.*****.*****.*.***.*.*.*****.*****.*.*.*.*.*.***.*.*.*.***.***.*
*.....*.......*.*.*...*.*.*.....*.*.*...*.*.......*.*.*...*.*...*.*.*.*.*.....*...*.*...*...*.*.....*.*...*...*.*.......*.*...*.*.*...........*.*...*...*.*.*.*.....*.....*.*...*.*...*...*.*.*.*.....*.*
*****.*.*****.*.*.*.*****.*.***.*.*.***.*.*.*****.*.*.*****.***.*.*.*.*.*****.***.*.*.***.***.*.*****.***.*.*.***.*******.*****.*.*.*********.*.*.***.***.*.***.***.*****.*.*.***.*********.*.*.*.*****.*
*.*...*.....*...*.*...*...*.*...*.*.*...*...*.....*.*...*.....*...*.*.*...*...*...*.*...*...*.*.*.......*...*.*.........*.*...*...*...*.*.....*.*.........*...*...*...*.....*.*...*.....*...*.*.*.....*.*
*.*.*******.*.***.***.*.***.*.***.*.*.*******.*****.***.*.***.*****.*.***.*.*****.***.*.***.*.*.*.*.*.*******.*.*******.*.*.*.***.***.*.*.*****.*.***********.***.***.*******.*.*.*.***.*.***.*******.*.*
*.......*...*.*...*.*...*...*.*.....*.......*.*.....*.*.*...*...*...*...*.*.....*...*.*...*.*...*.*.*.*.....*...*.....*...*.*...*.*...*...*...*.*...*.......*...*.*.*...*.....*.*.*.*.*...*.*.......*.*.*
*.*******.***.*.***.*******.*.*.***********.*.*****.*.*.***.*.***.*****.*.*****.***.*.***.*.*.*****.***.***.*.***.***.*****.***.*.*.***.***.*.*.***.*.***.*****.*.*.***.*******.***.*.*****.*.***.*.*.*.*
*.*...*...*...*...*.........*.*...........*.*.....*...*.....*.....*...*.*.......*.*.*.*...*.*...*...*...*.*.*...*...*.......*.*.*...*...*...*.*...*.*.*.*.....*.*...*...*.....*.....*.....*.....*.*.*...*
*.*.*.*.*********.***.*******.***.*********.*****.*.*************.***.*.*.*******.*.***.*.*.***.*.*.*.***.*.***.***.*********.*.*****.*****.*.***.***.*.***.*.*.*.***.*.*.***.*********.*.*******.*.*****
*.*.*.*.........*...*.*.....*...*.*.........*...*.*.*...*.......*...*.*.*.*.......*.....*.*...*...*.*.*...*.*.....*.........*.*...*.*.....*.*...*.........*.*.*.*.*...*.*.*.*.........*.*.........*.*...*
***.*.***.*****.***.*.*.*******.*.*.*********.*.*.***.*.*.*****.***.*.*.*.***.*.*********.***.*****.*.*.***.*.*************.*.***.*.*****.***.*.***********.*.*.***.*****.*.*.*******.*.***********.*.***
*...*...*.....*...*...*.......*.*.*...*...*...*.*...*.*...*...*...*...*.*...*.*.*.......*...*.*...*.*.*.*...*.*...*...........*...*.*...*.....*.....*.*...*.*.*...*.......*.*.......*...*.......*...*...*
*.*****.*****.*.*.*********.*.*.*****.*.*.*.*.*****.*.*****.*.***.*****.***.*.***.*.*******.*.***.*.*.*.*.***.*.*.*.*********.*.***.*.*.***********.*.*.*.*.*.***.*.*******.*******.*******.*.*.*.*****.*
*.....*...*...*.*.*...*.....*.*.......*.*.*.*...*...*...*...*.....*.....*...*.....*.*...*...*...*.*.*.*.*...*.*.*...*.....*...*.*.....*...*.......*...*.*...*.*...*...*.....*.....*.......*.*.*.*.......*
*.***.***.*****.*.*.*.*.*****.*********.***.***.*.*****.*.*********.*****.*********.*.*.*.*****.*.*.*.*.***.***.*****.***.*.***.*.*****.***.*****.***.*.*******.*****.*.*.*.***.*****.***.*.*.*.*******.*
*...*.*.......*.*.*.*.*.*.*...*...*...*.....*.*.*.*.....*.*.........*...*.....*.....*.*...*.....*...*.*...*.*...*...*.*.*.*.*...*...*.*.....*.....*...*.......*.....*.*.*.*.*...*...*.*...*.*.*.*.....*.*
***.*.*******.*.*.*.*.*.*.*.***.*.*.*.*.*****.*.*.*.*.***.*****.***.*.*.*****.*.*****.*****.*****.***.***.*.*.***.***.*.*.*.*.*****.*.*******.*****.*********.*****.*.*.*.*.*.*.*.*.***.***.*.***.***.*.*
*.*.*.....*.....*...*...*.*...*.*.*.*...*.....*.*.*.*...*.*...*.*...*.*.*...*.*.....*.....*.*.....*.*.*...*.*.*.....*.*.*.*.*.....*.*.......*.......*.....*.*...*...*.*.*.*...*.*.*...*.*...*.....*...*.*
*.*.*****.***.***********.***.*.*.*****.*****.*.*.*****.*.*.*.***.***.*.*.*.*.*****.*****.*.*.*****.*.*.***.*.*.***.*.*.*.*.*****.*.***.***.*******.***.*.*.***.*.***.***.*****.*.***.*.*.*********.***.*
*.......*...*.*.....*...*...*...*.....*.......*.*.......*...*.....*...*...*.*...*.....*...*.*.......*.*...*...*...*.*.*...*.*.....*...*.*...*.....*.....*.....*.*.*...*...*...*.*...*...*.........*.*...*
*.*********.*.*.***.*.*.*.*.*********.*******.*.*******************.*******.***.*.***.*.***.*.*******.***.*********.*.***.***.*******.***.*.*.***.***********.*.*.*.***.***.*.*.***.*****.*********.*.***
*.*.....*...*.*...*.*.*...*...*.....*.*.....*.*...*.....*.....*.*...*.....*...*.*...*.*...*.*.*.......*.........*...*...*.....*...*...*...*.*...*.....*.......*.*.*.....*...*.*.*.*.*.....*.........*...*
***.***.*.*******.*.***.***.*.*.*****.*.***.*.***.*.*.***.*.*.*.*.***.*******.*.*.*.***.***.*.*.*******.*******.*.*****.*******.***.***.***.***.*****.***.*****.*.***********.*.*.*.*.*****.*******.***.*
*...*.*.*.......*.*...*.*...*.*.*...*.*.*.*...*.*...*.....*.*.*.*...*.......*...*.*.....*...*.*.*.......*...*.*.*.....*.*.........*.*...*.*...*.*...*...*...*...*.*...........*.*.*.*.*.....*.....*...*.*
*.***.*.*.***.***.***.*.*.***.*.*.*.*.*.*.*****.***********.*.*.***.*****.*******.*******.*****.*.*.*****.*.*.*.*****.*.***.*****.*.*.***.***.*.*.*****.*****.***.*.***.*******.*.*.***.*****.***.*.***.*
*.*...*.*...*.......*.*.*.*.....*.*...*.......*...*...*.*...*.*...*.....*.....*.........*.....*.*.*.*.....*...*.......*...*...*...*...*.*.....*.*.*...*.*.....*...*...*...........*...*.*.*.....*...*...*
*.***.*.***.*********.***.*.*****.***********.*.*.*.*.*.*.***.***.*****.*****.*.***********.*.*.*.*.*.*.*****.*******.***.***.*.*******.*.*****.*.*.*.*.*.***.*.*************.*******.*.*.*.*********.***
*...*...*...*...*...*.*...*...*...*.......*.*...*...*.*.*...*...*...*.*.....*.*...*.......*.*...*.*.*.*.*...*...*.....*.*...*.*.........*.....*.*...*.....*...*.*...*.......*...*.....*.*...*.........*.*
***.*.*****.*.***.*.*.*.*******.***.***.*.*.*********.*.***.***.*.*.*.*****.*.*.***.*****.***.*****.***.*.*.*****.*****.***.*****.*.*****.*****.***.***********.*.*.*.*****.*.***.*****.*.***.*********.*
*...*.....*.*.*...*...*.........*.....*.*.....*...........*...*.*.*.....*...*...*...*...*...*.*...*...*...*...*...........*.....*.*...*...*...*...*...*.*.......*.*...*.....*.*...*.....*...*...*...*...*
*.*******.*.*.*.***********.***********.*******.***********.*.*.*.*.*****.***.***.***.*.***.*.*.*.***.*.*****.*.*********.*****.*.***.*.***.*.***.***.*.*.*******.*****.*****.*.***.*.*****.***.*.*.*.*.*
*...*...*.*.*.*.......*...*...*.......*.......*.*.....*...*.*.*...*.*.....*.*.*.*.*.*.*...*.*.*.*...*.*.....*.....*.....*...*...*.*.*.*.*...*.*...*...*.*.*.*.....*.....*.....*.*.*.*.*...*...*.*.*.*.*.*
*.*.*.*.*.*.*.*******.*.*.***.*.*****.***.***.*.*.***.*.*.***.*.*****.*****.*.*.*.*.*.***.*.*.*.***.*.*************.***.***.*.***.*.*.*.*.***.*.***.***.*.*.*.*.***.*******.***.*.*.*.*.***.***.*.*.***.*
*.*.*.*.*.*...*.......*.*...*...*...*...*.*.*.*.*.*...*.*.....*.*...*.....*.....*.*...*.*.*.*...*...*...*...........*.*...*.*.*.....*...*.*...*...*.....*.*.*.*...*.......*.*...*...*.*...*.*...*.*.*...*
***.***.*.*****.*****.*.***.*****.*.***.*.*.*.*.***.*.*.***.*****.*.*****.*******.*.***.*.*.*******.***.*.***********.***.***.***********.*.*****.*******.*.*.***.*******.***.*******.***.*.*.***.*.*.***
*...*...*.*...*.*.*...*.*...*.....*.*...*...*...*...*.*.*...*.....*.....*.........*.*...*...*.....*.....*.*.........*...*...*.............*.....*...*.....*.....*...*...*.....*.....*...*...*.*...*.*...*
*.***.***.*.*.*.*.*.***.*.***.*******.*****.*****.*****.*****.*****.***.***********.*.*******.***.*****.*.*.*****.*.*.*.***.*********.*******.*****.*.*************.*.*.*******.***.***.*.***.***.*.***.*
*...*.......*...*.....*.*.*...........*.......*...*...*.....*.*...*.*.......*.....*.*.......*.*.......*.*.*.*.....*.*.*...*.........*...*.....*...*.*.*.............*.*.....*...*.*.....*...*...*.*.....*
***.*****************.*.*.*****.*******.*****.*.*.*.*.*.***.*.***.*.*********.*.*.*.*.***.*.*.*******.***.***.*******.*.*.*********.*****.***.*.*.*.*.***.*.*********.*******.*.*.***.*********.*.*.*****
*...*...*...*...*...*.*.*.*...*.*.......*...*...*.*.*.*.*...*.....*.......*...*.*.*.*.*...*.*.......*...*...*.........*.*...*.....*.*.....*...*.*...*...*.*.*.................*.*.....*...*.....*.*.*...*
*.***.*.*.*.*.*.*.*.***.*.*.*.*.*******.*.*.***.***.*.***.*.*****.*******.*.***.*.*.***.***.*.*****.***.***.***.*******.***.*.*****.*.*****.***.***.***.***.*.*********.*******.*.*****.*.*.*****.***.*.*
*...*.*...*.*.*...*.....*...*.*.*.....*.*.*.*...*...*.*...*.*...*...*...*.*.*...*.*.*...*.*.*.*...*.*.*...*...*.*.......*.....*.....*...*.....*...*...*.*...*.*.*.....*.....*...*.*...*.*...*.........*.*
***.*.*****.*.***************.*.*.***.***.*.*.***.***.*.***.*.*****.***.*.*.*.***.*.*.***.*.*.***.*.*.***.*.*.*.*.*******.*****.*****.*.*********.*****.*.***.*.*.***.*.*****.***.*.*.*.***************.*
*...*...*.*.......*.........*.*.*...*...*.*.*.*...*.*...*.*.*.*...*.....*...*.*...*...*...*.*.....*.*.....*.*.*.*.....*...*.....*...*.*.....*.....*...*.*.*.....*.*...*.*.....*.*.*.*.*.*.............*.*
*.*****.*.*********.*******.*.*.***.***.*.*.***.***.*****.*.*.*.*.*****.*****.*********.***.*******.*.*******.*.*****.*****.*****.*.*.*****.*.*****.*.*.*.*****.*.***.*.*.*****.*.*.*.*.***.*********.*.*
*.....*.......*...*.*...*.*.*.*...*.*...*.*.....*.....*.......*.*.....*.....*.....*...*.....*.......*.*.......*.....*...*...*.....*.*...*...*.......*...*...*.*.*...*.*.*...*...*.*.*.*.....*...*.....*.*
*.***.*.*******.*.*.*.*.*.*.*.***.*.*.***.*******.*.***.*******.*.*.*******.*****.*.*.*.*****.*******.***.*.***.*******.*.***.***.*.*****.*.***************.*.*.***.*.*****.***.*.***.*******.*.*.*****.*
*...*...*.......*...*.*.*.*...*.*.*.*.*...*...*...*.....*...*...*.*.*.....*...*.*...*.*...*.....*...*...*.*.*...*.....*.*.*.*.*...*.....*.*.*.......*.....*.*.....*.*...*...*...*...*.....*...*.*.....*.*
***.*****.***********.*.*.*****.*.*.*.*.***.*.*.*********.*.*.***.***.*.*****.*.*****.***.*****.*.*****.*.*.*.***.***.*.*.*.*.*.*******.*.*.*.*.***.***.*.*.*******.***.*.***.*.***.***.*.*.***.*****.*.*
*.*.*.....*.*.........*.....*.....*.*.*...*.*.*.....*.....*.*...*.....*.......*.*.....*.*.......*.*.....*.*.*.*...*...*...*...*.*.....*.*.*.*.*.*...*...*.*.*.....*...*.*...*.*.*...*...*.*...*.*.....*.*
*.*.*.*****.*.*****.*****.***.*****.*.***.*.*.*****.*****.*.***.***************.*.***.*.*********.*.*******.***.***.*****.*.***.*****.*.*.*.***.*.***.***.*.*.***.***.*.***.*.*.*.***.*******.*.*.*****.*
*...*.*.....*.*...*...*...*...*.....*.....*.*...*...*.....*...*.*.........*.....*...*...*.........*.*.......*.....*.....*.*.*...*.....*...*...*.*.....*.*...*.*...*...*...*.*.*.*.*...*.....*.*.*...*...*
*.***.***.***.*.*.***.*****.*****.*.*******.***.*.***.*******.*.*.***.***.*.***.***.*****.***.*****.*.*.*****.*****.***.*.***.***.***.*******.*.*******.*****.*.***.*****.*.*.***.***.*.*.*.*.*.***.*.***
*.*...*...*...*.*.*.*.............*.*.....*...*.*.....*...*...*.*.*...*...*.*.*.*.*.*.....*.*.....*.*.*.*.....*...*...*.*.*...*...*.*.*...*.*.*.*.*...........*.*...*...*.*.*...*.....*.*.*.*.*...*.*...*
***.***.*.*.***.*.*.***************.*.***.***.*.*******.*.*****.***.***.***.*.*.*.*.*.*****.*****.*.*.***.*****.*.*****.*.*.***.***.*.*.*.*.*.*.*.*.*****.*****.*.*.***.*.*.***.*.*****.*.***.***.*.***.*
*...*...*.*.....*.*.......*...*...*.*...*.....*.........*.....*...*.*...*...*.....*...*.....*...*...*.*...*.....*.*.....*...*...*...*.*.*...*...*...*...*...*.*.*.*...*.*.*.*...*.*.....*.......*.*.....*
*.***.***********.***.***.*.*.***.*.***.*********************.***.*.*.***.*.*************.*.***.*****.*.***.*****.*.*********.*****.*.*.***.*********.*.***.*.*.*****.*.*.*.*.***.*.*******.*****.*****.*
*.*.............*...*.*...*.*...*.....*.*.....*.......*...*.....*...*...*.*...............*...*.*.....*...*.*...*.*.*...*.........*.*...*.*.*.........*.....*.*.....*.*.....*.....*.*.*...*.*.........*.*
*.*.*******.*.*****.***.*.*.***.*****.*.***.*.***.***.*.***.***.*******.*.*********.*********.*.*.*.*****.*.*.*.*.*.*.***.*******.*.*****.*.*.***************.*****.*.*.***********.*.*.*.***.*****.***.*
*.*...*...*.*.....*...*.*.*...*...*...*.....*.....*.*...*...*...*.*.....*.....*...*...*.....*.*...*.......*.*.*.*...*.*...*.......*.......*.*.*.......*...*.......*.*.*.*...........*.*.*...*...*.*.*...*
*.*****.*.*****.*.***.*.*.***.***.*.***************.***.*.*****.*.*.*********.*.*.***.*.*****.*******.*****.*.*******.*.***.*.*****.*****.*.*.*.*****.*.*.*.*****.*.*.*.*.***********.*.***.***.*.*.*.***
*.*.....*.....*.*...*...*.*.....*.*...*...............*.*.....*...*...*.*...*...*.*...*.....*.......*.....*.*.*.......*...*.*.*...*.*.*...*...*.*.....*.*...*.....*...*.*...*.........*.*.*...*.*.*.*...*
*.*.*********.*.*.*******.*.*****.***.***.***.*******.*.*****.*******.*.*.*.*****.*.*******.*******.***.***.*.*.*.*******.*.***.*.*.*.*.*******.***.***.*****.*********.***.*.*********.*.***.*.*.*.***.*
*...*...*.....*.*.*...*...*.*.*...*.....*.*.*.*.....*.*...*.*.........*...*.......*.*.....*.*.....*.*...*...*...*.........*.*...*.*.*.*...*.......*.*...*.........*...*.*.*.*.......*...*.......*...*.*.*
*.***.*.*.*****.***.*.*.***.*.*.*******.*.*.*.***.***.***.*.***********.***********.***.*.*.*.***.*.***.*.***.*************.*.***.*.*.***.*.*****.*.*.***********.*.*.*.*.*.*******.*.*****.*******.*.*.*
*...*.*...*.......*.*.*.*.*...*.*...*...*.*.*...*.*...*...*.*...*.....*.....*.....*...*.*...*...*.*...*.*.*.*.*...........*.*...*.*.....*...*...*.*.*.*.......*.*...*.*...*.........*.*...*.*.....*...*.*
*****.*.*****.***.*.*.*.*.***.*.*.*.***.*.*.***.*.*.***.***.*.*.*.*.*****.***.***.***.*.*******.*.***.***.*.*.*.*********.*.*.***.*******.*****.*.*.*.*.*****.*.***.*****.*********.*.*.*.***.***.*.***.*
*...*.*.*...*...*...*.*.*...*.*...*...*.*.....*.*...*.*.*...*.*...*.......*...*.*.*...*.........*...*.*...*.*...*...*.....*...*...*.....*.....*.*.*...*.....*.*.....*...*.*...*...*.*...*.*...*.*.*.*...*
*.*.*.*.*.*.*******.*.*.*.***.*******.*.*******.*.***.*.***.*.*************.***.*.*.***.***********.*.*.***.*****.*.*.*********.*.*.***.*****.*.*.*********.*.*****.*.*.*.*.*.*.*.*.*****.*.***.*.***.***
*.*...*.*.*.......*.*...*.*...*.....*.*.........*.....*...*.......*...*...*.*.....*...*...*.......*.*...*.......*.*.*...*.*.....*.*.*.*.*...*...*.......*...*.....*.*.*.....*.*.*.*.*...*...*...*...*.*.*
*.*******.*******.***.***.*.***.***.*.***************.***.*.*****.*.***.*.*.*****.***.*****.*****.*.*********.*.***.***.*.*.***.***.*.*.*.*.*.*****.*.***.*******.***.*********.*.*.*.*********.***.*.*.*
*.*.....*.*.....*...*.*...*...*.*...*.........*.....*.*...*.*...*...*...*.*.....*.....*.......*...*.....*.....*...*...*...*.*...*...*.*.*.*...*...*.*...*.*.....*...*...*.......*.*.*.........*.*...*...*
*.*.***.*.***.*.***.*.*.*.***.*.*.***********.*.*.***.*.*****.*.***.*.***.*.***.*******.*******.***.***.*.*******.*.*.*.***.*.***.***.*.*****.*.*.*****.*.*****.***.***.*.*******.*.*******.*.*.*.*.***.*
*...*.*...*...*.*...*...*...*.*.*.........*...*.*.*...*.*.....*...*.*.*...*...*...........*.....*.....*...*.....*...*.*.*...*.*...*...*.....*.*.*.*...*...........*...*.*.*.....*...*.....*.*.*.*.*...*.*
*.***.*****.*****.*********.*.*.*******.***.***.***.***.*.*.*****.***.*.*****.*************.*****.***.*******.*****.***.*.***.*.***.*.*****.***.*.*.*.***********.*.***.*.*.*********.***.*.*.*.*.*.***.*
*.*.........*.....*.......*.*.*.*.....*.*...*.......*...*.*.....*.....*.*.*...*...*...*...*.....*...*.......*.....*.*...*...*.*.*...*.*...*.....*...*...*.....*...*.*...*.*...*.......*.....*.*.*.*.*...*
*.*.*******.*.***.*.*****.*.*.***.***.*.*.***.*******.*********.*******.*.*.***.*.*.*.*.*.*.***.***.*******.*.***.*.*.*****.*.*.*.***.*.***************.*.*****.***.*.***.***.*.*****.*******.*.*.***.***
*.*.*.......*...*.*.....*.*.*...*...*...*.*.*.*.....*.*.....*...*...*...*.*.*...*...*.*.*.*...*.*...*.....*.*...*...*.*.*...*.*.*...*...*...............*.*.....*.*.....*...*.*...*.*...*.*...*.*...*.*.*
*.***.*****.***.*****.***.*.***.*.*.***.*.*.*.*.*.***.***.*.*.*****.*.***.*.*.*******.*.*.*****.*.***.*.***.*********.*.*.*****.***.***.*.***************.*.*****.*********.*.***.*.***.*.*.***.***.*.*.*
*.....*.....*.*.......*...*.*...*.*...*.*.*...*.*...*.....*.*...*...*...*.....*.......*.*.......*.....*.*...*.....*...*.*.....*.*...*.*.*.*...*...........*.......*...*.....*.........*.*...*.....*...*.*
*******.*****.*********.***.*.*******.***.*.*******.*******.*.*.*.*.***.*******.*******.***************.*.***.***.*.***.*****.*.*.***.*.*.*.***.*********.*******.*.***.***************.*.*******.*****.*
*.....*.......*.....*.*.*...*.....*...*...*.....*...*.*.....*.*.*.*...*.*.....*.*.......*.*.........*...*.....*.*...*.......*...*...*...*.*.............*.......*.*...*.*...........*...*.*.........*...*
***.*********.*.*.*.*.*.*********.*.*.*.*******.*.*.*.*.*******.*.*****.*.***.*.*.*******.*.*.*****.*.*********.*****.*.*********.*.*.***.*********************.*.***.*.*.***.*****.*.***.*.*******.*.***
*...*.......*.*.*.*.*.*.*.......*...*.*.*...*.....*...*...*.....*.....*...*...*.*.*.....*.*.*.....*.*.......*.........*.......*...*.*.*...*...................*.......*.*.*...*...*.*.*.*.*.*.....*.*...*
*.***.*.*****.***.*.*.*.*.*****.*****.*.*.*.*************.*.*****.***.*****.***.*.***.*.*.*.*****.*********.***.***********.***.***.***.*.*.*****************.*********.*.*.***.***.*.*.*.*.*.***.*.***.*
*...*.*.....*...*.*...*.*.....*.*.....*...*.*...........*.*.*...*...*.*...*.*...*...*.*...*.*...*.....*...*...*.*.........*.....*...*...*.*.*.........*...*.*.*.....*...*.*.*.*...*...*...*.*.*...*.*...*
*.*.*.*****.***.*.***.*.*****.*.*.*********.*.*********.*.*.*.*.***.*.*.*.*.*******.*.*****.***.*****.*.*.***.***.*******.*******.*.*.*****.*.*******.*.*.*.*.*.***.*.*****.*.*.*.*****.***.*.*.***.*.*.*
*.*.......*.......*...*.......*...........*...........*.....*.*.....*...*...........*...............*...*.........*...............*.*.........*.........*...*.....*.........*...*...........*.*.......*.v
*********************************************************************************************************************************************************************************************************
